{
  "id": "923e6d5c-0b14-462b-922e-813cbd2ef4cc",
  "name": "2018vsts",
  "friendlyName": "Sample Task",
  "description": "vsts",
  "author": "me",
  "helpMarkDown": "[]() Replace with markdown to show in help",
  "category": "Utility",
  "visibility": [
    "Build",
    "Release"
  ],
  "demands": [],
  "version": {
    "Major": 0,
    "Minor": 1,
    "Patch": 2
  },
  "minimumAgentVersion": "1.95.3",
  "instanceNameFormat": "custom sample task",
  "inputs": [
    {
      "name": "exampleMessage",
      "type": "string",
      "label": "Example Message",
      "defaultValue": "Hello World",
      "required": true,
      "helpMarkDown": "Message to echo out"
    },
    {
      "name": "favoriteNumber",
      "type": "string",
      "label": "Favorite Number",
      "defaultValue": "4",
      "required": true,
      "helpMarkDown": "Sample of numeric input."
    }
  ],
  "execution": {
    "Node": {
      "target": "task-wrapper.js",
      "argumentFormat": ""
    }
  }
}